bkai01 bkai01 <bkai01.enc <bkai00mp.ttf
bkai02 bkai02 <bkai02.enc <bkai00mp.ttf
bkai03 bkai03 <bkai03.enc <bkai00mp.ttf
bkai04 bkai04 <bkai04.enc <bkai00mp.ttf
bkai05 bkai05 <bkai05.enc <bkai00mp.ttf
bkai06 bkai06 <bkai06.enc <bkai00mp.ttf
bkai07 bkai07 <bkai07.enc <bkai00mp.ttf
bkai08 bkai08 <bkai08.enc <bkai00mp.ttf
bkai09 bkai09 <bkai09.enc <bkai00mp.ttf
bkai10 bkai10 <bkai10.enc <bkai00mp.ttf
bkai11 bkai11 <bkai11.enc <bkai00mp.ttf
bkai12 bkai12 <bkai12.enc <bkai00mp.ttf
bkai13 bkai13 <bkai13.enc <bkai00mp.ttf
bkai14 bkai14 <bkai14.enc <bkai00mp.ttf
bkai15 bkai15 <bkai15.enc <bkai00mp.ttf
bkai16 bkai16 <bkai16.enc <bkai00mp.ttf
bkai17 bkai17 <bkai17.enc <bkai00mp.ttf
bkai18 bkai18 <bkai18.enc <bkai00mp.ttf
bkai19 bkai19 <bkai19.enc <bkai00mp.ttf
bkai20 bkai20 <bkai20.enc <bkai00mp.ttf
bkai21 bkai21 <bkai21.enc <bkai00mp.ttf
bkai22 bkai22 <bkai22.enc <bkai00mp.ttf
bkai23 bkai23 <bkai23.enc <bkai00mp.ttf
bkai24 bkai24 <bkai24.enc <bkai00mp.ttf
bkai25 bkai25 <bkai25.enc <bkai00mp.ttf
bkai26 bkai26 <bkai26.enc <bkai00mp.ttf
bkai27 bkai27 <bkai27.enc <bkai00mp.ttf
bkai28 bkai28 <bkai28.enc <bkai00mp.ttf
bkai29 bkai29 <bkai29.enc <bkai00mp.ttf
bkai30 bkai30 <bkai30.enc <bkai00mp.ttf
bkai31 bkai31 <bkai31.enc <bkai00mp.ttf
bkai32 bkai32 <bkai32.enc <bkai00mp.ttf
bkai33 bkai33 <bkai33.enc <bkai00mp.ttf
bkai34 bkai34 <bkai34.enc <bkai00mp.ttf
bkai35 bkai35 <bkai35.enc <bkai00mp.ttf
bkai36 bkai36 <bkai36.enc <bkai00mp.ttf
bkai37 bkai37 <bkai37.enc <bkai00mp.ttf
bkai38 bkai38 <bkai38.enc <bkai00mp.ttf
bkai39 bkai39 <bkai39.enc <bkai00mp.ttf
bkai40 bkai40 <bkai40.enc <bkai00mp.ttf
bkai41 bkai41 <bkai41.enc <bkai00mp.ttf
bkai42 bkai42 <bkai42.enc <bkai00mp.ttf
bkai43 bkai43 <bkai43.enc <bkai00mp.ttf
bkai44 bkai44 <bkai44.enc <bkai00mp.ttf
bkai45 bkai45 <bkai45.enc <bkai00mp.ttf
bkai46 bkai46 <bkai46.enc <bkai00mp.ttf
bkai47 bkai47 <bkai47.enc <bkai00mp.ttf
bkai48 bkai48 <bkai48.enc <bkai00mp.ttf
bkai49 bkai49 <bkai49.enc <bkai00mp.ttf
bkai50 bkai50 <bkai50.enc <bkai00mp.ttf
bkai51 bkai51 <bkai51.enc <bkai00mp.ttf
bkai52 bkai52 <bkai52.enc <bkai00mp.ttf
bkai53 bkai53 <bkai53.enc <bkai00mp.ttf
bkai54 bkai54 <bkai54.enc <bkai00mp.ttf
bkai55 bkai55 <bkai55.enc <bkai00mp.ttf
