cwtb01 cwtb01 <cwtb01.enc <bbttf.ttf
cwtb02 cwtb02 <cwtb02.enc <bbttf.ttf
cwtb03 cwtb03 <cwtb03.enc <bbttf.ttf
cwtb04 cwtb04 <cwtb04.enc <bbttf.ttf
cwtb05 cwtb05 <cwtb05.enc <bbttf.ttf
cwtb06 cwtb06 <cwtb06.enc <bbttf.ttf
cwtb07 cwtb07 <cwtb07.enc <bbttf.ttf
cwtb08 cwtb08 <cwtb08.enc <bbttf.ttf
cwtb09 cwtb09 <cwtb09.enc <bbttf.ttf
cwtb10 cwtb10 <cwtb10.enc <bbttf.ttf
cwtb11 cwtb11 <cwtb11.enc <bbttf.ttf
cwtb12 cwtb12 <cwtb12.enc <bbttf.ttf
cwtb13 cwtb13 <cwtb13.enc <bbttf.ttf
cwtb14 cwtb14 <cwtb14.enc <bbttf.ttf
cwtb15 cwtb15 <cwtb15.enc <bbttf.ttf
cwtb16 cwtb16 <cwtb16.enc <bbttf.ttf
cwtb17 cwtb17 <cwtb17.enc <bbttf.ttf
cwtb18 cwtb18 <cwtb18.enc <bbttf.ttf
cwtb19 cwtb19 <cwtb19.enc <bbttf.ttf
cwtb20 cwtb20 <cwtb20.enc <bbttf.ttf
cwtb21 cwtb21 <cwtb21.enc <bbttf.ttf
cwtb22 cwtb22 <cwtb22.enc <bbttf.ttf
cwtb23 cwtb23 <cwtb23.enc <bbttf.ttf
cwtb24 cwtb24 <cwtb24.enc <bbttf.ttf
cwtb25 cwtb25 <cwtb25.enc <bbttf.ttf
cwtb26 cwtb26 <cwtb26.enc <bbttf.ttf
cwtb27 cwtb27 <cwtb27.enc <bbttf.ttf
cwtb28 cwtb28 <cwtb28.enc <bbttf.ttf
cwtb29 cwtb29 <cwtb29.enc <bbttf.ttf
cwtb30 cwtb30 <cwtb30.enc <bbttf.ttf
cwtb31 cwtb31 <cwtb31.enc <bbttf.ttf
cwtb32 cwtb32 <cwtb32.enc <bbttf.ttf
cwtb33 cwtb33 <cwtb33.enc <bbttf.ttf
cwtb34 cwtb34 <cwtb34.enc <bbttf.ttf
cwtb35 cwtb35 <cwtb35.enc <bbttf.ttf
cwtb36 cwtb36 <cwtb36.enc <bbttf.ttf
cwtb37 cwtb37 <cwtb37.enc <bbttf.ttf
cwtb38 cwtb38 <cwtb38.enc <bbttf.ttf
cwtb39 cwtb39 <cwtb39.enc <bbttf.ttf
cwtb40 cwtb40 <cwtb40.enc <bbttf.ttf
cwtb41 cwtb41 <cwtb41.enc <bbttf.ttf
cwtb42 cwtb42 <cwtb42.enc <bbttf.ttf
cwtb43 cwtb43 <cwtb43.enc <bbttf.ttf
cwtb44 cwtb44 <cwtb44.enc <bbttf.ttf
cwtb45 cwtb45 <cwtb45.enc <bbttf.ttf
cwtb46 cwtb46 <cwtb46.enc <bbttf.ttf
cwtb47 cwtb47 <cwtb47.enc <bbttf.ttf
cwtb48 cwtb48 <cwtb48.enc <bbttf.ttf
cwtb49 cwtb49 <cwtb49.enc <bbttf.ttf
cwtb50 cwtb50 <cwtb50.enc <bbttf.ttf
cwtb51 cwtb51 <cwtb51.enc <bbttf.ttf
cwtb52 cwtb52 <cwtb52.enc <bbttf.ttf
cwtb53 cwtb53 <cwtb53.enc <bbttf.ttf
cwtb54 cwtb54 <cwtb54.enc <bbttf.ttf
cwtb55 cwtb55 <cwtb55.enc <bbttf.ttf
